// Jest Snapshot v1, https://goo.gl/fbAQLP

exports[`Checkbox tests basic tests matches the snapshot 1`] = `
.c0 {
  display: -webkit-box;
  display: -webkit-flex;
  display: -ms-flexbox;
  display: flex;
}

.c2 {
  position: relative;
  display: block;
  height: 24px;
  width: 40px;
}

.c3 {
  background: #A7ACB2;
  height: 8px;
  margin-top: 8px;
  width: 100%;
  border-radius: 3px;
}

.c4 {
  position: relative;
  border-radius: 50%;
  -webkit-transition: all .4s ease;
  transition: all .4s ease;
  --toggle-bullet-size: 20px;
  --toggle-bullet-transform: translate(-1px,calc(-50% - 4px));
  --toggle-bullet-background: #CDD1D5;
  width: var(--toggle-bullet-size);
  height: var(--toggle-bullet-size);
  -webkit-transform: var(--toggle-bullet-transform);
  -ms-transform: var(--toggle-bullet-transform);
  transform: var(--toggle-bullet-transform);
  background-color: var(--toggle-bullet-background);
  box-shadow: 0 3px 3px rgba(0,0,0,0.05);
}

.c1 {
  color: #838391;
  font-size: 14px;
  font-family: Muli,sans-serif;
  text-align: right;
  -webkit-letter-spacing: 0.4px;
  -moz-letter-spacing: 0.4px;
  -ms-letter-spacing: 0.4px;
  letter-spacing: 0.4px;
  text-transform: uppercase;
  margin: 4px 8px 0 0;
  opacity: 1;
  -webkit-transition: 100ms ease-out;
  transition: 100ms ease-out;
}

<div
  className="c0"
  id="toggle"
>
  <div
    className="c1"
    size="large"
  >
    MISSING: off
  </div>
  <div
    className="c2"
    data-test-id="toggle"
    size="large"
  >
    <div
      className="c3"
      size="large"
    />
    <div
      className="c4"
      size="large"
      type="dark"
    />
  </div>
</div>
`;
