// Jest Snapshot v1, https://goo.gl/fbAQLP

exports[`ControlWrapper tests basic tests matches the snapshot 1`] = `
.c0 {
  width: 100%;
  margin-bottom: 24px;
}

.c1 {
  width: 100%;
  font-family: Muli,sans-serif;
  line-height: normal;
  font-size: 14px;
  font-weight: 600;
  margin-bottom: 8px;
  --controlWrapper-label-color: #686978;
  color: var(--controlWrapper-label-color);
}

<div
  className="c0"
  id="wrapper"
>
  <div
    className="c1"
    disabled={false}
    type="light"
  />
</div>
`;
