// Jest Snapshot v1, https://goo.gl/fbAQLP

exports[`TextArea tests basic tests matches the snapshot 1`] = `
.c0 {
  width: 100%;
}

.c1 {
  min-height: 140px;
  box-sizing: border-box;
  width: 100%;
  font-family: Muli,sans-serif;
  border: 1px solid #DFDFE8;
  color: #686978;
  border-radius: 6px;
  padding: 15px 20px;
  font-size: 16px;
  line-height: 26px;
}

.c1:disabled {
  background: #fff;
}

.c1:focus {
  border-color: #A1A8F2;
  outline: none;
}

<div
  className="c0"
  id="area"
>
  <textarea
    className="c1"
  />
</div>
`;
